[www.ubagroup.com/alumni/index.html]
[backblue.gif]
[fade.gif]
[index.html]
[www.ubagroup.com/alumni/wp-content/plugins/event-organiser/lib/leaflet/leaflet.min2fca.css]
[www.ubagroup.com/alumni/feed/index.html]
[www.ubagroup.com/alumni/wp-content/plugins/gtranslate/gtranslate-style2469c8.css]
[www.ubagroup.com/alumni/comments/feed/index.html]
[www.ubagroup.com/alumni/wp-includes/css/dist/block-library/style.min69c8.css]
[www.ubagroup.com/alumni/wp-content/plugins/appbanners/lib/smartbanner/jquery.smartbanner.min69c8.css]
[www.ubagroup.com/alumni/wp-content/plugins/cookie-law-info/public/css/cookie-law-info-publice1fc.css]
[www.ubagroup.com/alumni/wp-content/plugins/cookie-law-info/public/css/cookie-law-info-gdpre1fc.css]
[www.ubagroup.com/alumni/wp-content/plugins/team-showcase-pro.dd/assets/css/normalize69c8.css]
[www.ubagroup.com/alumni/wp-content/plugins/team-showcase-pro.dd/assets/css/font-awesome69c8.css]
[www.ubagroup.com/alumni/wp-content/plugins/team-showcase-pro.dd/assets/css/featherlight69c8.css]
[www.ubagroup.com/alumni/wp-content/plugins/team-showcase-pro.dd/assets/css/magnific-popup69c8.css]
[www.ubagroup.com/alumni/wp-content/plugins/team-showcase-pro.dd/assets/css/animate69c8.css]
[www.ubagroup.com/alumni/wp-content/plugins/team-showcase-pro.dd/assets/css/style169c8.css]
[www.ubagroup.com/alumni/wp-content/plugins/wp-store-locator/css/styles.minef3a.css]
[maxcdn.bootstrapcdn.com/font-awesome/4.7.0/css/font-awesome.min4468.css]
[www.ubagroup.com/alumni/wp-content/plugins/wp-team-showcase-and-slider/assets/css/slick4468.css]
[www.ubagroup.com/alumni/wp-content/plugins/wp-team-showcase-and-slider/assets/css/magnific-popup4468.css]
[www.ubagroup.com/alumni/wp-content/plugins/wp-team-showcase-and-slider/assets/css/wp-tsas-public4468.css]
[www.ubagroup.com/alumni/wp-content/uploads/sites/32/essential-addons-elementor/cb70d11b8.min4682.css]
[www.ubagroup.com/alumni/wp-content/uploads/sites/32/maxmegamenu/style1b40.css]
[www.ubagroup.com/alumni/wp-includes/css/dashicons.min69c8.css]
[www.ubagroup.com/alumni/wp-content/plugins/megamenu-pro/icons/fontawesome/css/font-awesome.min97e1.css]
[www.ubagroup.com/alumni/wp-content/plugins/megamenu-pro/icons/genericons/genericons/genericons97e1.css]
[www.ubagroup.com/alumni/wp-content/themes/uba-child/style5152.css]
[at.alicdn.com/t/font_o5hd5vvqpoqiwwmi69c8.css]
[www.ubagroup.com/alumni/wp-content/plugins/elementor/assets/lib/eicons/css/elementor-icons.minee95.css]
[www.ubagroup.com/alumni/wp-content/plugins/essential-addons-for-elementor-lite/assets/admin/images/templately/logo-icon.svg]
[www.ubagroup.com/alumni/wp-content/plugins/elementor/assets/lib/animations/animations.minb12b.css]
[www.ubagroup.com/alumni/wp-content/plugins/elementor/assets/css/frontend.minb12b.css]
[www.ubagroup.com/alumni/wp-content/uploads/sites/32/elementor/css/post-3c2b6.css]
[www.ubagroup.com/alumni/wp-content/plugins/elementor-pro/assets/css/frontend.minb12b.css]
[www.ubagroup.com/alumni/wp-content/uploads/sites/32/elementor/css/global76fc.css]
[www.ubagroup.com/alumni/wp-content/uploads/sites/32/elementor/css/post-776818.css]
[www.ubagroup.com/alumni/wp-content/themes/disha/css/third-party/normalize5b75.css]
[www.ubagroup.com/alumni/wp-content/themes/disha/css/third-party/slick2846.css]
[www.ubagroup.com/alumni/wp-content/themes/disha/css/third-party/slick-theme2846.css]
[www.ubagroup.com/alumni/wp-content/themes/disha/css/third-party/magnific-popupdfe0.css]
[www.ubagroup.com/alumni/wp-content/themes/disha/css/grid2c00.css]
[www.ubagroup.com/alumni/wp-content/themes/disha/css/font-icons/theme-icons/theme-icons2c00.css]
[www.ubagroup.com/alumni/wp-content/themes/disha/style2c00.css]
[www.ubagroup.com/alumni/wp-content/themes/disha/css/elements2c00.css]
[www.ubagroup.com/alumni/wp-content/themes/uba-child/style69c8.css]
[www.ubagroup.com/alumni/wp-content/themes/uba-child/subsidiaries4963.css]
[www.ubagroup.com/alumni/wp-content/plugins/elementor/assets/lib/font-awesome/css/fontawesome.min9e0b.css]
[www.ubagroup.com/alumni/wp-content/plugins/elementor/assets/lib/font-awesome/css/solid.min9e0b.css]
[www.ubagroup.com/alumni/wp-includes/js/jquery/jquery.minaf6c.js]
[www.ubagroup.com/alumni/wp-includes/js/jquery/jquery-migrate.mind617.js]
[www.ubagroup.com/alumni/wp-content/plugins/cookie-law-info/public/js/cookie-law-info-publice1fc.js]
[www.ubagroup.com/alumni/wp-content/plugins/team-showcase-pro.dd/assets/js/wow5152.js]
[www.ubagroup.com/alumni/wp-content/plugins/team-showcase-pro.dd/assets/js/modernizr.custom5152.js]
[www.ubagroup.com/alumni/wp-content/plugins/team-showcase-pro.dd/assets/js/classie5152.js]
[www.ubagroup.com/alumni/wp-content/plugins/team-showcase-pro.dd/assets/js/featherlight5152.js]
[www.ubagroup.com/alumni/wp-content/plugins/team-showcase-pro.dd/assets/js/jquery.magnific-popup5152.js]
[www.ubagroup.com/alumni/wp-content/plugins/team-showcase-pro.dd/assets/js/main5152.js]
[www.ubagroup.com/alumni/wp-includes/wlwmanifest.xml]
[www.ubagroup.com/alumni/our-focus.html]
[www.ubagroup.com/alumni/about-uba-alumni/index.html]
[www.ubagroup.com/alumni/leadership.html]
[www.ubagroup.com/alumni/gallery.html]
[www.ubagroup.com/alumni/contact-us.html]
[www.ubagroup.com/alumni/membership.html]
[www.ubagroup.com/alumni/wp-content/uploads/sites/32/2021/10/UBA-alumnigood.svg]
[www.ubagroup.com/alumni/wp-content/uploads/sites/32/2021/10/map.svg]
[www.ubagroup.com/alumni/uba-alumni-launch.html]
[www.ubagroup.com/alumni/wp-content/uploads/sites/32/2021/11/uba-alumni-image.jpg]
[www.ubagroup.com/alumni/wp-content/uploads/sites/32/2021/11/uba-alumni-image-300x200.jpg]
[www.ubagroup.com/alumni/wp-content/plugins/elementor/assets/lib/font-awesome/css/all.minc9d0.css]
[www.ubagroup.com/alumni/wp-content/plugins/elementor/assets/lib/font-awesome/css/v4-shims.minc9d0.css]
[www.ubagroup.com/alumni/wp-content/plugins/appbanners/lib/smartbanner/jquery.smartbanner.min69c8.js]
[www.ubagroup.com/alumni/wp-content/plugins/appbanners/js/config.min69c8.js]
[www.ubagroup.com/alumni/wp-includes/js/jquery/ui/core.min35d0.js]
[www.ubagroup.com/alumni/wp-includes/js/jquery/ui/mouse.min35d0.js]
[www.ubagroup.com/alumni/wp-includes/js/jquery/ui/sortable.min35d0.js]
[www.ubagroup.com/alumni/wp-includes/js/jquery/ui/draggable.min35d0.js]
[www.ubagroup.com/alumni/wp-includes/js/jquery/ui/droppable.min35d0.js]
[www.ubagroup.com/alumni/wp-content/uploads/sites/32/essential-addons-elementor/cb70d11b8.min4682.js]
[www.ubagroup.com/alumni/wp-content/themes/uba-child/js/custom-script4963.js]
[www.ubagroup.com/alumni/wp-content/themes/uba-child/js/jquery.cookiebar4963.js]
[www.ubagroup.com/alumni/wp-includes/js/hoverIntent.min73b9.js]
[www.ubagroup.com/alumni/wp-content/plugins/megamenu/js/maxmegamenuab7d.js]
[www.ubagroup.com/alumni/wp-content/plugins/megamenu-pro/assets/public97e1.js]
[www.ubagroup.com/alumni/wp-includes/js/wp-embed.min69c8.js]
[www.ubagroup.com/alumni/wp-includes/js/imagesloaded.mineda1.js]
[www.ubagroup.com/alumni/wp-content/themes/disha/js/plugins/modernizr.minf7ff.js]
[www.ubagroup.com/alumni/wp-content/themes/disha/js/plugins/lazysizes.minf39e.js]
[www.ubagroup.com/alumni/wp-content/themes/disha/js/plugins/slick.min2846.js]
[www.ubagroup.com/alumni/wp-content/themes/disha/js/plugins/jquery.magnific-popup.mine2dc.js]
[www.ubagroup.com/alumni/wp-content/themes/disha/js/dsh-core.min2c00.js]
[www.ubagroup.com/alumni/wp-content/plugins/elementor-pro/assets/js/webpack-pro.runtime.minb12b.js]
[www.ubagroup.com/alumni/wp-content/plugins/elementor/assets/js/webpack.runtime.minb12b.js]
[www.ubagroup.com/alumni/wp-content/plugins/elementor/assets/js/frontend-modules.minb12b.js]
[www.ubagroup.com/alumni/wp-content/plugins/elementor-pro/assets/lib/sticky/jquery.sticky.minb12b.js]
[www.ubagroup.com/alumni/wp-content/plugins/elementor-pro/assets/js/frontend.minb12b.js]
[www.ubagroup.com/alumni/wp-content/plugins/elementor/assets/lib/dialog/dialog.mina288.js]
[www.ubagroup.com/alumni/wp-content/plugins/elementor/assets/lib/waypoints/waypoints.min05da.js]
[www.ubagroup.com/alumni/wp-content/plugins/elementor/assets/lib/share-link/share-link.minb12b.js]
[www.ubagroup.com/alumni/wp-content/plugins/elementor/assets/lib/swiper/swiper.min48f5.js]
[www.ubagroup.com/alumni/wp-content/plugins/elementor/assets/js/frontend.minb12b.js]
[www.ubagroup.com/alumni/wp-content/plugins/elementor-pro/assets/js/preloaded-elements-handlers.minb12b.js]
[www.ubagroup.com/alumni/wp-content/plugins/elementor/assets/js/preloaded-elements-handlers.minb12b.js]
[tw.netcore.co.in/smartechclient.js]
[www.ubagroup.com/alumni/index.html]
[www.googletagmanager.com/gtm5445.html]
[www.ubagroup.com/alumni/xmlrpc.html]
[wchat.freshchat.com/js/widget.js]
[www.ubagroup.com/alumni/wp-content/plugins/event-organiser/lib/leaflet/images/layers.png]
[www.ubagroup.com/alumni/wp-content/plugins/event-organiser/lib/leaflet/images/layers-2x.png]
[www.ubagroup.com/alumni/wp-content/plugins/event-organiser/lib/leaflet/images/marker-icon.png]
[www.ubagroup.com/alumni/wp-content/plugins/event-organiser/lib/leaflet/leaflet.min2fca.css]
[www.ubagroup.com/alumni/wp-content/plugins/gtranslate/24.png]
[www.ubagroup.com/alumni/wp-content/plugins/gtranslate/24a.png]
[www.ubagroup.com/alumni/wp-content/plugins/gtranslate/alt_flags.png]
[www.ubagroup.com/alumni/wp-content/plugins/gtranslate/alt_flagsa.png]
[www.ubagroup.com/alumni/wp-content/plugins/gtranslate/gtranslate-style2469c8.css]
[www.ubagroup.com/alumni/wp-includes/css/dist/block-library/style.min69c8.css]
[www.ubagroup.com/alumni/wp-content/plugins/appbanners/lib/smartbanner/jquery.smartbanner.min69c8.css]
[www.ubagroup.com/alumni/wp-content/plugins/cookie-law-info/public/css/cookie-law-info-publice1fc.css]
[www.ubagroup.com/alumni/wp-content/plugins/cookie-law-info/public/css/cookie-law-info-gdpre1fc.css]
[www.ubagroup.com/alumni/wp-content/plugins/team-showcase-pro.dd/assets/css/normalize69c8.css]
[www.ubagroup.com/alumni/wp-content/plugins/team-showcase-pro.dd/assets/fonts/fontawesome-webfonte0a5.eot]
[www.ubagroup.com/alumni/wp-content/plugins/team-showcase-pro.dd/assets/fonts/fontawesome-webfontd41d.eot]
[www.ubagroup.com/alumni/wp-content/plugins/team-showcase-pro.dd/assets/fonts/fontawesome-webfonte0a5.woff2]
[www.ubagroup.com/alumni/wp-content/plugins/team-showcase-pro.dd/assets/fonts/fontawesome-webfonte0a5.woff]
[www.ubagroup.com/alumni/wp-content/plugins/team-showcase-pro.dd/assets/fonts/fontawesome-webfonte0a5.ttf]
[www.ubagroup.com/alumni/wp-content/plugins/team-showcase-pro.dd/assets/css/font-awesome69c8.css]
[www.ubagroup.com/alumni/wp-content/plugins/team-showcase-pro.dd/assets/css/featherlight69c8.css]
[www.ubagroup.com/alumni/wp-content/plugins/team-showcase-pro.dd/assets/css/magnific-popup69c8.css]
[www.ubagroup.com/alumni/wp-content/plugins/team-showcase-pro.dd/assets/css/animate69c8.css]
[www.ubagroup.com/alumni/wp-content/plugins/team-showcase-pro.dd/assets/css/style169c8.css]
[www.ubagroup.com/alumni/wp-content/plugins/team-showcase-pro.dd/assets/fonts/fontawesome-webfonte0a5.svg]
[www.ubagroup.com/alumni/wp-content/plugins/wp-store-locator/font/fontello8040.eot]
[www.ubagroup.com/alumni/wp-content/plugins/wp-store-locator/font/fontello8040.woff]
[www.ubagroup.com/alumni/wp-content/plugins/wp-store-locator/font/fontello8040.ttf]
[www.ubagroup.com/alumni/wp-content/plugins/wp-store-locator/font/fontello8040.svg]
[www.ubagroup.com/alumni/wp-content/plugins/wp-store-locator/css/styles.minef3a.css]
[maxcdn.bootstrapcdn.com/font-awesome/4.7.0/css/font-awesome.min4468.css]
[www.ubagroup.com/alumni/wp-content/plugins/wp-team-showcase-and-slider/assets/css/ajax-loader.gif]
[www.ubagroup.com/alumni/wp-content/plugins/wp-team-showcase-and-slider/assets/css/slick4468.css]
[www.ubagroup.com/alumni/wp-content/plugins/wp-team-showcase-and-slider/assets/css/magnific-popup4468.css]
[www.ubagroup.com/alumni/wp-content/plugins/wp-team-showcase-and-slider/assets/css/arrow-right.png]
[www.ubagroup.com/alumni/wp-content/plugins/wp-team-showcase-and-slider/assets/css/arrow-left.png]
[www.ubagroup.com/alumni/wp-content/plugins/wp-team-showcase-and-slider/assets/css/wp-tsas-public4468.css]
[www.ubagroup.com/alumni/wp-content/uploads/sites/32/essential-addons-elementor/cb70d11b8.min4682.css]
[www.ubagroup.com/alumni/wp-content/uploads/sites/32/maxmegamenu/style1b40.css]
[www.ubagroup.com/alumni/wp-includes/fonts/dashicons7d4b.eot]
[www.ubagroup.com/alumni/wp-includes/css/dashicons.min69c8.css]
[www.ubagroup.com/alumni/wp-includes/fonts/dashicons7d4b.ttf]
[www.ubagroup.com/alumni/wp-content/plugins/megamenu-pro/icons/fontawesome/fonts/fontawesome-webfont3e6e.eot]
[www.ubagroup.com/alumni/wp-content/plugins/megamenu-pro/icons/fontawesome/fonts/fontawesome-webfontd41d.eot]
[www.ubagroup.com/alumni/wp-content/plugins/megamenu-pro/icons/fontawesome/fonts/fontawesome-webfont3e6e.woff2]
[www.ubagroup.com/alumni/wp-content/plugins/megamenu-pro/icons/fontawesome/fonts/fontawesome-webfont3e6e.woff]
[www.ubagroup.com/alumni/wp-content/plugins/megamenu-pro/icons/fontawesome/fonts/fontawesome-webfont3e6e.ttf]
[www.ubagroup.com/alumni/wp-content/plugins/megamenu-pro/icons/fontawesome/css/font-awesome.min97e1.css]
[www.ubagroup.com/alumni/wp-content/plugins/megamenu-pro/icons/fontawesome/fonts/fontawesome-webfont3e6e.svg]
[www.ubagroup.com/alumni/wp-content/plugins/megamenu-pro/icons/genericons/genericons/Genericons.eot]
[www.ubagroup.com/alumni/wp-content/plugins/megamenu-pro/icons/genericons/genericons/Genericons.ttf]
[www.ubagroup.com/alumni/wp-content/plugins/megamenu-pro/icons/genericons/genericons/genericons97e1.css]
[www.ubagroup.com/alumni/wp-content/plugins/megamenu-pro/icons/genericons/genericons/Genericons.svg]
[www.ubagroup.com/wp-content/uploads/2018/08/UBA-Header-inner-page-about-uba.jpg]
[www.ubagroup.com/alumni/wp-content/themes/disha/img/select-arrow@2x.gif]
[www.ubagroup.com/alumni/wp-content/themes/uba-child/style5152.css]
[at.alicdn.com/t/font_o5hd5vvqpoqiwwmi4d19.eot]
[at.alicdn.com/t/font_o5hd5vvqpoqiwwmi4d19.woff]
[at.alicdn.com/t/font_o5hd5vvqpoqiwwmi4d19.ttf]
[at.alicdn.com/t/font_o5hd5vvqpoqiwwmi4d19.svg]
[at.alicdn.com/t/font_o5hd5vvqpoqiwwmi69c8.css]
[www.ubagroup.com/alumni/wp-content/plugins/elementor/assets/lib/eicons/fonts/eicons0b93.woff2]
[www.ubagroup.com/alumni/wp-content/plugins/elementor/assets/lib/eicons/fonts/eicons0b93.eot]
[www.ubagroup.com/alumni/wp-content/plugins/elementor/assets/lib/eicons/fonts/eicons0b93.woff]
[www.ubagroup.com/alumni/wp-content/plugins/elementor/assets/lib/eicons/fonts/eicons0b93.ttf]
[www.ubagroup.com/alumni/wp-content/plugins/elementor/assets/lib/eicons/css/elementor-icons.minee95.css]
[www.ubagroup.com/alumni/wp-content/plugins/essential-addons-for-elementor-lite/assets/admin/images/templately/logo-icon.svg]
[www.ubagroup.com/alumni/wp-content/plugins/elementor/assets/lib/animations/animations.minb12b.css]
[www.ubagroup.com/alumni/wp-content/plugins/elementor/assets/css/frontend.minb12b.css]
[www.ubagroup.com/alumni/wp-content/uploads/sites/32/elementor/css/post-3c2b6.css]
[www.ubagroup.com/alumni/wp-content/plugins/elementor-pro/assets/css/frontend.minb12b.css]
[www.ubagroup.com/alumni/wp-content/uploads/sites/32/elementor/css/global76fc.css]
[www.ubagroup.com/alumni/wp-content/plugins/elementor/assets/lib/eicons/fonts/eicons0b93.svg]
[www.ubagroup.com/alumni/wp-content/uploads/sites/32/2021/11/uba-alumni-16.jpg]
[www.ubagroup.com/alumni/wp-content/uploads/sites/32/2021/11/uba-alumni-15.png]
[www.ubagroup.com/alumni/wp-content/uploads/sites/32/2021/11/uba-alumni-6.jpg]
[www.ubagroup.com/alumni/wp-content/uploads/sites/32/2021/10/uba-nigeria-ankara-strip.jpg]
[www.ubagroup.com/alumni/wp-content/uploads/sites/32/elementor/css/post-776818.css]
[www.ubagroup.com/alumni/wp-content/themes/disha/css/third-party/normalize5b75.css]
[www.ubagroup.com/alumni/wp-content/themes/disha/css/third-party/slick2846.css]
[www.ubagroup.com/alumni/wp-content/themes/disha/css/third-party/slick-theme2846.css]
[www.ubagroup.com/alumni/wp-content/themes/disha/css/third-party/magnific-popupdfe0.css]
[www.ubagroup.com/alumni/wp-content/themes/disha/css/grid2c00.css]
[www.ubagroup.com/alumni/wp-content/themes/disha/css/font-icons/theme-icons/fonts/dsh-font822d.ttf]
[www.ubagroup.com/alumni/wp-content/themes/disha/css/font-icons/theme-icons/fonts/dsh-font822d.woff]
[www.ubagroup.com/alumni/wp-content/themes/disha/css/font-icons/theme-icons/theme-icons2c00.css]
[www.ubagroup.com/alumni/wp-content/themes/disha/css/font-icons/theme-icons/fonts/dsh-font822d.svg]
[www.ubagroup.com/alumni/wp-content/themes/disha/style2c00.css]
[www.ubagroup.com/alumni/wp-content/themes/disha/css/elements2c00.css]
[www.ubagroup.com/alumni/wp-content/themes/uba-child/style69c8.css]
[www.ubagroup.com/alumni/wp-content/themes/uba-child/subsidiaries4963.css]
[www.ubagroup.com/alumni/wp-content/plugins/elementor/assets/lib/font-awesome/css/fontawesome.min9e0b.css]
[www.ubagroup.com/alumni/wp-content/plugins/elementor/assets/lib/font-awesome/webfonts/fa-solid-900.eot]
[www.ubagroup.com/alumni/wp-content/plugins/elementor/assets/lib/font-awesome/webfonts/fa-solid-900d41d.eot]
[www.ubagroup.com/alumni/wp-content/plugins/elementor/assets/lib/font-awesome/webfonts/fa-solid-900.woff2]
[www.ubagroup.com/alumni/wp-content/plugins/elementor/assets/lib/font-awesome/webfonts/fa-solid-900.woff]
[www.ubagroup.com/alumni/wp-content/plugins/elementor/assets/lib/font-awesome/css/solid.min9e0b.css]
[www.ubagroup.com/alumni/wp-includes/js/jquery/jquery.minaf6c.js]
[www.ubagroup.com/alumni/wp-includes/js/jquery/jquery-migrate.mind617.js]
[www.ubagroup.com/alumni/wp-content/plugins/cookie-law-info/public/js/cookie-law-info-publice1fc.js]
[www.ubagroup.com/alumni/wp-content/plugins/team-showcase-pro.dd/assets/js/wow5152.js]
[www.ubagroup.com/alumni/wp-content/plugins/team-showcase-pro.dd/assets/js/modernizr.custom5152.js]
[www.ubagroup.com/alumni/wp-content/plugins/team-showcase-pro.dd/assets/js/classie5152.js]
[www.ubagroup.com/alumni/wp-content/plugins/team-showcase-pro.dd/assets/js/featherlight5152.js]
[www.ubagroup.com/alumni/wp-content/plugins/team-showcase-pro.dd/assets/js/jquery.magnific-popup5152.js]
[www.ubagroup.com/alumni/wp-content/plugins/team-showcase-pro.dd/assets/js/main5152.js]
[www.ubagroup.com/alumni/wp-json/index.html]
[www.ubagroup.com/alumni/wp-json/wp/v2/pages/77.json]
[www.ubagroup.com/alumni/xmlrpc0db0.html]
[www.ubagroup.com/alumni/wp-json/oembed/1.0/embede1cf.json]
[www.ubagroup.com/alumni/wp-json/oembed/1.0/embed1b04]
[www.ubagroup.com/alumni/wp-content/plugins/elementor/assets/lib/font-awesome/webfonts/fa-solid-900.ttf]
[www.ubagroup.com/alumni/wp-content/plugins/elementor/assets/lib/font-awesome/webfonts/fa-solid-900.svg]
[www.ubagroup.com/alumni/wp-content/uploads/sites/32/essential-addons-elementor/4ce77c552.min892c.css]
[www.ubagroup.com/alumni/wp-content/uploads/sites/32/elementor/css/post-14886a9.css]
[www.ubagroup.com/alumni/wp-content/uploads/sites/32/2021/11/uba-alumni-2.jpg]
[www.ubagroup.com/alumni/wp-content/uploads/sites/32/elementor/thumbs/uba-alumni-3-pff5ku58aakytd3zgq1ugwf9zc7isy12exwcx5xiis.png]
[www.ubagroup.com/alumni/wp-content/uploads/sites/32/elementor/thumbs/uba-alumni-4-pff5o9a1xqh3g9ze2sesxgiarh4z5je6o2rsn0dpuk.png]
[www.ubagroup.com/alumni/wp-content/uploads/sites/32/elementor/thumbs/uba-alumni-5-pff5rgw8i7nsqbh6ql93286cv7ir42cvzrlotg3imc.jpg]
[www.ubagroup.com/alumni/wp-content/uploads/sites/32/essential-addons-elementor/4ce77c552.min892c.js]
[www.ubagroup.com/alumni/about-uba-alumni/index.html]
[www.ubagroup.com/alumni/wp-content/uploads/sites/32/essential-addons-elementor/809207c04.min892c.css]
[www.ubagroup.com/alumni/wp-content/uploads/sites/32/elementor/css/post-14418d.css]
[www.ubagroup.com/alumni/wp-content/uploads/sites/32/elementor/thumbs/uba-alumni-14-pff6r06kvqb1nluy8g8btrcpcmdb44fkjnhiz1epdw.png]
[www.ubagroup.com/alumni/wp-content/uploads/sites/32/essential-addons-elementor/809207c04.min892c.js]
[www.ubagroup.com/alumni/our-focus.html]
[www.ubagroup.com/alumni/wp-content/uploads/sites/32/essential-addons-elementor/3308184bd.min6d0b.css]
[www.ubagroup.com/alumni/wp-content/uploads/sites/32/elementor/css/post-126d0af.css]
[www.ubagroup.com/alumni/wp-content/uploads/sites/32/2021/10/Alumni-Mosun.png]
[www.ubagroup.com/alumni/wp-content/uploads/sites/32/2021/10/Alumni-babs.png]
[www.ubagroup.com/alumni/wp-content/uploads/sites/32/essential-addons-elementor/3308184bd.min6d0b.js]
[www.ubagroup.com/alumni/leadership.html]
[www.ubagroup.com/alumni/wp-content/uploads/sites/32/essential-addons-elementor/b537ff019.min6372.css]
[www.ubagroup.com/alumni/wp-content/uploads/sites/32/elementor/css/post-4373610.css]
[www.ubagroup.com/alumni/wp-content/uploads/sites/32/2021/11/uba-alumni-image-1.jpg]
[www.ubagroup.com/alumni/wp-content/uploads/sites/32/essential-addons-elementor/b537ff019.min6372.js]
[www.ubagroup.com/alumni/gallery.html]
[www.ubagroup.com/alumni/wp-content/uploads/sites/32/essential-addons-elementor/472bf7cb6.min1945.css]
[www.ubagroup.com/alumni/wp-content/uploads/sites/32/elementor/css/post-1040feb.css]
[www.ubagroup.com/alumni/wp-content/uploads/sites/32/essential-addons-elementor/472bf7cb6.min1945.js]
[www.ubagroup.com/alumni/contact-us.html]
[www.ubagroup.com/alumni/wp-content/uploads/sites/32/essential-addons-elementor/8d87229a8.min79c3.css]
[www.ubagroup.com/alumni/wp-content/uploads/sites/32/elementor/css/post-91770c.css]
[www.ubagroup.com/alumni/wp-content/plugins/elementor/assets/lib/font-awesome/css/regular.min9e0b.css]
[www.ubagroup.com/alumni/wp-content/uploads/sites/32/2021/11/uba-alumni-10.jpg]
[www.ubagroup.com/alumni/wp-content/uploads/sites/32/2021/11/uba-alumni-11.png]
[www.ubagroup.com/alumni/wp-content/plugins/elementor/assets/lib/flatpickr/flatpickr.mineda1.css]
[www.ubagroup.com/alumni/wp-content/uploads/sites/32/essential-addons-elementor/8d87229a8.min79c3.js]
[www.ubagroup.com/alumni/wp-content/plugins/elementor/assets/lib/flatpickr/flatpickr.mineda1.js]
[www.ubagroup.com/alumni/membership.html]
[www.ubagroup.com/alumni/wp-content/uploads/sites/32/2021/10/UBA-alumnigood.svg]
[www.ubagroup.com/alumni/wp-content/uploads/sites/32/2021/10/map.svg]
[www.ubagroup.com/alumni/uba-alumni-launch/index.html]
[www.ubagroup.com/alumni/wp-content/uploads/sites/32/essential-addons-elementor/91997dc05.minedbe.css]
[www.ubagroup.com/alumni/uba-alumni-launch/feed/index.html]
[www.ubagroup.com/alumni/wp-content/uploads/sites/32/elementor/css/post-4457ad4.css]
[www.ubagroup.com/alumni/wp-content/uploads/sites/32/2021/11/uba-alumni-1-768x336.jpg]
[www.ubagroup.com/alumni/wp-content/uploads/sites/32/2021/11/uba-alumni-launch-24.jpg]
[www.ubagroup.com/alumni/wp-content/uploads/sites/32/2021/11/uba-alumni-launch-23.jpg]
[www.ubagroup.com/alumni/wp-content/uploads/sites/32/2021/11/uba-alumni-launch-22.jpg]
[www.ubagroup.com/alumni/wp-content/uploads/sites/32/2021/11/uba-alumni-launch-21.jpg]
[www.ubagroup.com/alumni/wp-content/uploads/sites/32/2021/11/uba-alumni-launch-20.jpg]
[www.ubagroup.com/alumni/wp-content/uploads/sites/32/2021/11/uba-alumni-launch-19.jpg]
[www.ubagroup.com/alumni/wp-content/uploads/sites/32/2021/11/uba-alumni-launch-13.jpg]
[www.ubagroup.com/alumni/wp-content/uploads/sites/32/2021/11/uba-alumni-launch-14.jpg]
[www.ubagroup.com/alumni/wp-content/uploads/sites/32/2021/11/uba-alumni-launch-15.jpg]
[www.ubagroup.com/alumni/wp-content/uploads/sites/32/2021/11/uba-alumni-launch-16.jpg]
[www.ubagroup.com/alumni/wp-content/uploads/sites/32/2021/11/uba-alumni-launch-17.jpg]
[www.ubagroup.com/alumni/wp-content/uploads/sites/32/2021/11/uba-alumni-launch-18.jpg]
[www.ubagroup.com/alumni/wp-content/uploads/sites/32/2021/11/uba-alumni-launch-12.jpg]
[www.ubagroup.com/alumni/wp-content/uploads/sites/32/2021/11/uba-alumni-launch-11.jpg]
[www.ubagroup.com/alumni/wp-content/uploads/sites/32/2021/11/uba-alumni-launch-10.jpg]
[www.ubagroup.com/alumni/wp-content/uploads/sites/32/2021/11/uba-alumni-launch-9.jpg]
[www.ubagroup.com/alumni/wp-content/uploads/sites/32/2021/11/uba-alumni-launch-8.jpg]
[www.ubagroup.com/alumni/wp-content/uploads/sites/32/2021/11/uba-alumni-launch-7.jpg]
[www.ubagroup.com/alumni/wp-content/uploads/sites/32/2021/11/uba-alumni-launch-6.jpg]
[www.ubagroup.com/alumni/wp-content/uploads/sites/32/2021/11/uba-alumni-launch-5.jpg]
[www.ubagroup.com/alumni/wp-content/uploads/sites/32/2021/11/uba-alumni-launch-4.jpg]
[www.ubagroup.com/alumni/wp-content/uploads/sites/32/2021/11/uba-alumni-launch-3.jpg]
[www.ubagroup.com/alumni/wp-content/uploads/sites/32/2021/11/uba-alumni-launch-1.jpg]
[www.ubagroup.com/alumni/wp-content/plugins/elementor/assets/lib/e-gallery/css/e-gallery.min7359.css]
[www.ubagroup.com/alumni/category/uncategorized/index.html]
[www.ubagroup.com/alumni/wp-content/plugins/anti-spam/assets/js/anti-spamdc24.js]
[www.ubagroup.com/alumni/wp-content/uploads/sites/32/essential-addons-elementor/91997dc05.minedbe.js]
[www.ubagroup.com/alumni/wp-content/plugins/elementor/assets/lib/e-gallery/js/e-gallery.min7359.js]
[www.ubagroup.com/alumni/wp-includes/js/comment-reply.min69c8.js]
[www.ubagroup.com/alumni/uba-alumni-launch.html]
[www.ubagroup.com/alumni/wp-content/plugins/elementor/assets/lib/font-awesome/webfonts/fa-brands-400.eot]
[www.ubagroup.com/alumni/wp-content/plugins/elementor/assets/lib/font-awesome/webfonts/fa-brands-400d41d.eot]
[www.ubagroup.com/alumni/wp-content/plugins/elementor/assets/lib/font-awesome/webfonts/fa-brands-400.woff2]
[www.ubagroup.com/alumni/wp-content/plugins/elementor/assets/lib/font-awesome/webfonts/fa-brands-400.woff]
[www.ubagroup.com/alumni/wp-content/plugins/elementor/assets/lib/font-awesome/webfonts/fa-brands-400.ttf]
[www.ubagroup.com/alumni/wp-content/plugins/elementor/assets/lib/font-awesome/webfonts/fa-brands-400.svg]
[www.ubagroup.com/alumni/wp-content/plugins/elementor/assets/lib/font-awesome/webfonts/fa-regular-400.eot]
[www.ubagroup.com/alumni/wp-content/plugins/elementor/assets/lib/font-awesome/webfonts/fa-regular-400d41d.eot]
[www.ubagroup.com/alumni/wp-content/plugins/elementor/assets/lib/font-awesome/webfonts/fa-regular-400.woff2]
[www.ubagroup.com/alumni/wp-content/plugins/elementor/assets/lib/font-awesome/webfonts/fa-regular-400.woff]
[www.ubagroup.com/alumni/wp-content/plugins/elementor/assets/lib/font-awesome/webfonts/fa-regular-400.ttf]
[www.ubagroup.com/alumni/wp-content/plugins/elementor/assets/lib/font-awesome/css/all.minc9d0.css]
[www.ubagroup.com/alumni/wp-content/plugins/elementor/assets/lib/font-awesome/css/v4-shims.minc9d0.css]
[www.ubagroup.com/alumni/wp-content/plugins/appbanners/lib/smartbanner/jquery.smartbanner.min69c8.js]
[www.ubagroup.com/alumni/wp-content/plugins/appbanners/js/config.min69c8.js]
[www.ubagroup.com/alumni/wp-content/plugins/elementor/assets/lib/font-awesome/webfonts/fa-regular-400.svg]
[www.ubagroup.com/alumni/wp-includes/js/jquery/ui/core.min35d0.js]
[www.ubagroup.com/alumni/wp-includes/js/jquery/ui/mouse.min35d0.js]
[www.ubagroup.com/alumni/wp-includes/js/jquery/ui/sortable.min35d0.js]
[www.ubagroup.com/alumni/wp-includes/js/jquery/ui/draggable.min35d0.js]
[www.ubagroup.com/alumni/wp-includes/js/jquery/ui/droppable.min35d0.js]
[www.ubagroup.com/alumni/wp-content/uploads/sites/32/essential-addons-elementor/cb70d11b8.min4682.js]
[www.ubagroup.com/alumni/wp-content/themes/disha/js/script5152.js]
[www.ubagroup.com/alumni/wp-content/themes/uba-child/js/custom-script4963.js]
[www.ubagroup.com/alumni/wp-content/themes/uba-child/js/jquery.cookiebar4963.js]
[www.ubagroup.com/alumni/wp-includes/js/hoverIntent.min73b9.js]
[www.ubagroup.com/alumni/wp-content/plugins/megamenu/js/maxmegamenuab7d.js]
[www.ubagroup.com/alumni/wp-content/plugins/megamenu-pro/assets/public97e1.js]
[www.ubagroup.com/alumni/wp-includes/js/wp-embed.min69c8.js]
[www.ubagroup.com/alumni/wp-includes/js/imagesloaded.mineda1.js]
[www.ubagroup.com/alumni/wp-content/themes/disha/js/plugins/modernizr.minf7ff.js]
[www.ubagroup.com/alumni/wp-content/themes/disha/js/plugins/lazysizes.minf39e.js]
[www.ubagroup.com/alumni/wp-content/themes/disha/js/plugins/slick.min2846.js]
[www.ubagroup.com/alumni/wp-content/themes/disha/js/plugins/jquery.magnific-popup.mine2dc.js]
[www.ubagroup.com/alumni/wp-content/themes/disha/js/dsh-core.min2c00.js]
[www.ubagroup.com/alumni/wp-content/plugins/elementor-pro/assets/js/webpack-pro.runtime.minb12b.js]
[www.ubagroup.com/alumni/wp-content/plugins/elementor/assets/js/webpack.runtime.minb12b.js]
[www.ubagroup.com/alumni/wp-content/plugins/elementor/assets/js/frontend-modules.minb12b.js]
[www.ubagroup.com/alumni/wp-content/plugins/elementor-pro/assets/lib/sticky/jquery.sticky.minb12b.js]
[www.ubagroup.com/alumni/wp-content/plugins/elementor-pro/assets/js/frontend.minb12b.js]
[www.ubagroup.com/alumni/wp-content/plugins/elementor/assets/lib/dialog/dialog.mina288.js]
[www.ubagroup.com/alumni/wp-content/plugins/elementor/assets/lib/waypoints/waypoints.min05da.js]
[www.ubagroup.com/alumni/wp-content/plugins/elementor/assets/lib/share-link/share-link.minb12b.js]
[www.ubagroup.com/alumni/wp-content/plugins/elementor/assets/lib/swiper/swiper.min48f5.js]
[www.ubagroup.com/alumni/wp-content/plugins/elementor/assets/js/frontend.minb12b.js]
[www.ubagroup.com/alumni/wp-content/plugins/elementor-pro/assets/js/preloaded-elements-handlers.minb12b.js]
[www.ubagroup.com/alumni/wp-content/plugins/elementor/assets/js/preloaded-elements-handlers.minb12b.js]
[www.ubagroup.com/alumni/wp-content/plugins/team-showcase-pro.dd/assets/fonts/fontawesome-webfonte0a5.svg]
[www.ubagroup.com/alumni/wp-content/plugins/wp-store-locator/font/fontello8040.svg]
[www.ubagroup.com/alumni/wp-content/plugins/megamenu-pro/icons/fontawesome/fonts/fontawesome-webfont3e6e.svg]
[www.ubagroup.com/alumni/wp-content/plugins/megamenu-pro/icons/genericons/genericons/Genericons.svg]
[www.ubagroup.com/alumni/wp-content/plugins/elementor/assets/lib/eicons/fonts/eicons0b93.svg]
[www.ubagroup.com/alumni/wp-content/themes/disha/css/font-icons/theme-icons/fonts/dsh-font822d.svg]
[www.ubagroup.com/alumni/wp-content/plugins/elementor/assets/lib/font-awesome/webfonts/fa-solid-900.svg]
[www.ubagroup.com/alumni/wp-content/uploads/sites/32/essential-addons-elementor/4ce77c552.min892c.css]
[www.ubagroup.com/alumni/wp-content/uploads/sites/32/2021/11/uba-alumni.jpg]
[www.ubagroup.com/alumni/wp-content/uploads/sites/32/elementor/css/post-14886a9.css]
[www.ubagroup.com/alumni/wp-json/wp/v2/pages/148.json]
[www.ubagroup.com/alumni/indexa36b.html]
[www.ubagroup.com/alumni/wp-json/oembed/1.0/embed022e.json]
[www.ubagroup.com/alumni/wp-json/oembed/1.0/embed3b4b]
[www.ubagroup.com/alumni/wp-content/uploads/sites/32/essential-addons-elementor/4ce77c552.min892c.js]
[www.ubagroup.com/alumni/wp-content/uploads/sites/32/essential-addons-elementor/809207c04.min892c.css]
[www.ubagroup.com/alumni/wp-content/uploads/sites/32/2021/11/uba-alumni-7.jpg]
[www.ubagroup.com/alumni/wp-content/uploads/sites/32/2021/11/uba-alumni-13.png]
[www.ubagroup.com/alumni/wp-content/uploads/sites/32/2021/11/uba-alumni-12.png]
[www.ubagroup.com/alumni/wp-content/uploads/sites/32/elementor/css/post-14418d.css]
[www.ubagroup.com/alumni/wp-json/wp/v2/pages/14.json]
[www.ubagroup.com/alumni/index0b69.html]
[www.ubagroup.com/alumni/wp-json/oembed/1.0/embed3cdd.json]
[www.ubagroup.com/alumni/wp-json/oembed/1.0/embedc63f]
[www.ubagroup.com/alumni/wp-content/uploads/sites/32/essential-addons-elementor/809207c04.min892c.js]
[www.ubagroup.com/alumni/wp-content/uploads/sites/32/essential-addons-elementor/3308184bd.min6d0b.css]
[www.ubagroup.com/alumni/wp-content/uploads/sites/32/2021/11/uba-alumni-8.jpg]
[www.ubagroup.com/alumni/wp-content/uploads/sites/32/elementor/css/post-126d0af.css]
[www.ubagroup.com/alumni/wp-json/wp/v2/pages/126.json]
[www.ubagroup.com/alumni/index4ab3.html]
[www.ubagroup.com/alumni/wp-json/oembed/1.0/embed7f51.json]
[www.ubagroup.com/alumni/wp-json/oembed/1.0/embeddc1b]
[www.ubagroup.com/alumni/wp-content/uploads/sites/32/essential-addons-elementor/3308184bd.min6d0b.js]
[www.ubagroup.com/alumni/wp-content/uploads/sites/32/essential-addons-elementor/b537ff019.min6372.css]
[www.ubagroup.com/alumni/wp-content/uploads/sites/32/elementor/css/post-4373610.css]
[www.ubagroup.com/alumni/wp-json/wp/v2/pages/437.json]
[www.ubagroup.com/alumni/index14c7.html]
[www.ubagroup.com/alumni/wp-json/oembed/1.0/embedcdd6.json]
[www.ubagroup.com/alumni/wp-json/oembed/1.0/embed51b2.json]
[www.ubagroup.com/alumni/wp-content/uploads/sites/32/essential-addons-elementor/b537ff019.min6372.js]
[www.ubagroup.com/alumni/wp-content/uploads/sites/32/essential-addons-elementor/472bf7cb6.min1945.css]
[www.ubagroup.com/alumni/wp-content/uploads/sites/32/2021/11/uba-alumni-contact.jpg]
[www.ubagroup.com/alumni/wp-content/uploads/sites/32/2021/11/uba-contact-us.jpg]
[www.ubagroup.com/alumni/wp-content/uploads/sites/32/2021/10/UBA-Current-Account.jpg]
[www.ubagroup.com/alumni/wp-content/uploads/sites/32/2021/10/UBA-Digital-Banking.jpg]
[www.ubagroup.com/alumni/wp-content/uploads/sites/32/2021/10/UBA-Cards..jpg]
[www.ubagroup.com/alumni/wp-content/uploads/sites/32/elementor/css/post-1040feb.css]
[www.ubagroup.com/alumni/wp-json/wp/v2/pages/104.json]
[www.ubagroup.com/alumni/index9430.html]
[www.ubagroup.com/alumni/wp-json/oembed/1.0/embed8f6e.json]
[www.ubagroup.com/alumni/wp-content/uploads/sites/32/essential-addons-elementor/472bf7cb6.min1945.js]
[www.ubagroup.com/alumni/wp-content/uploads/sites/32/essential-addons-elementor/8d87229a8.min79c3.css]
[www.ubagroup.com/alumni/wp-content/uploads/sites/32/2021/11/uba-alumni-membership.jpg]
[www.ubagroup.com/alumni/wp-content/uploads/sites/32/2021/11/membership-form.png]
[www.ubagroup.com/alumni/wp-content/uploads/sites/32/elementor/css/post-91770c.css]
[www.ubagroup.com/alumni/wp-content/plugins/elementor/assets/lib/font-awesome/css/regular.min9e0b.css]
[www.ubagroup.com/alumni/wp-json/wp/v2/pages/91.json]
[www.ubagroup.com/alumni/index5cfa.html]
[www.ubagroup.com/alumni/wp-json/oembed/1.0/embed86b6.json]
[www.ubagroup.com/alumni/wp-json/oembed/1.0/embedfe3a]
[www.ubagroup.com/alumni/wp-content/plugins/elementor/assets/lib/flatpickr/flatpickr.mineda1.css]
[www.ubagroup.com/alumni/wp-content/uploads/sites/32/essential-addons-elementor/8d87229a8.min79c3.js]
[www.ubagroup.com/alumni/wp-content/plugins/elementor/assets/lib/flatpickr/flatpickr.mineda1.js]
[www.ubagroup.com/alumni/uba-alumni-launch/index.html]
[www.ubagroup.com/alumni/wp-content/uploads/sites/32/essential-addons-elementor/91997dc05.minedbe.css]
[www.ubagroup.com/alumni/wp-content/uploads/sites/32/elementor/css/post-4457ad4.css]
[www.ubagroup.com/alumni/wp-json/wp/v2/posts/445.json]
[www.ubagroup.com/alumni/index0ecd.html]
[www.ubagroup.com/alumni/wp-json/oembed/1.0/embedcd58.json]
[www.ubagroup.com/alumni/category/uncategorized/feed/index.html]
[www.ubagroup.com/alumni/wp-content/themes/disha/js/plugins/packery.pkgd.min001e.js]
[www.ubagroup.com/alumni/category/uncategorized/index.html]
[www.ubagroup.com/alumni/wp-content/plugins/elementor/assets/lib/e-gallery/css/e-gallery.min7359.css]
[www.ubagroup.com/alumni/wp-content/plugins/anti-spam/assets/js/anti-spamdc24.js]
[www.ubagroup.com/alumni/wp-content/uploads/sites/32/essential-addons-elementor/91997dc05.minedbe.js]
[www.ubagroup.com/alumni/wp-content/plugins/elementor/assets/lib/e-gallery/js/e-gallery.min7359.js]
[www.ubagroup.com/alumni/wp-includes/js/comment-reply.min69c8.js]
[www.ubagroup.com/alumni/wp-content/plugins/elementor/assets/lib/font-awesome/webfonts/fa-brands-400.svg]
[www.ubagroup.com/alumni/wp-content/plugins/elementor/assets/lib/font-awesome/webfonts/fa-regular-400.svg]
[www.ubagroup.com/alumni/Trident/index.html]
[www.ubagroup.com/alumni/Edge/index.html]
[www.ubagroup.com/alumni/Gecko/index.html]
[www.ubagroup.com/alumni/Firefox/index.html]
[www.ubagroup.com/alumni/Version/index.html]
[www.ubagroup.com/alumni/version/index-2.html]
[www.ubagroup.com/alumni/-negative.html]
[www.ubagroup.com/alumni/wp-json/wp/v2/categories/1.json]
[www.ubagroup.com/alumni/wp-content/themes/disha/js/plugins/packery.pkgd.min001e.js]
